---
source: src/tui/render.rs
expression: snap
---
"                                                                                "
"                                                                                "
"                                                                                "
"                                                                                "
"                                                                                "
"                                                                                "
"                                                                                "
"                                                                                "
"                                                                                "
"          ┌ Question ────────────────────────────────────────────────┐          "
"          │What file should I edit?                                  │          "
"          │                                                          │          "
"          │›                                                         │          "
"          │                                                          │          "
"          └──────────────────────────────────────────────────────────┘          "
"                                                                                "
"                                                                                "
"                                                                                "
"                                                                                "
"                                                                                "
"                                                                                "
"                                                                                "
"› type a message, or / for commands                                             "
" DIALOG  m  ctx 0%  · ↑/↓ select · enter confirm · esc deny                     "
