---
source: src/tui/render.rs
expression: snap
---
"                                                                                "
"                                                                                "
"                                                                                "
"                                                                                "
"                                                                                "
"                                                                                "
"                                                                                "
"                                                                                "
"                                                                                "
"                                                                                "
"                                                                                "
"                                                                                "
"                                                                                "
"                                                                                "
"                                                                                "
"                                                                                "
"                                                                                "
"                                                                                "
"                                                                                "
"┌────────────┐                                                                  "
"│ @notes.txt │                                                                  "
"└────────────┘                                                                  "
"› edit @not                                                                     "
" SLASH  m  ctx 0%  · ^J newline · ↑ browse · / cmd · ^C quit                    "
