---
source: src/tui/render.rs
expression: snap
---
"                                                                                "
"                                                                                "
"                                                                                "
"                                                                                "
"                                                                                "
"                                                                                "
"                                                                                "
"                                                                                "
"                                                                                "
"                                                                                "
"                                                                                "
"                                                                                "
"                                                                                "
"                                                                                "
"                                                                                "
"                                                                                "
"                                                                                "
"                                                                                "
"┌─────────┐                                                                     "
"│ /resume │                                                                     "
"│ /reload │                                                                     "
"└─────────┘                                                                     "
"› /re                                                                           "
" SLASH  m  ctx 0%  · ^J newline · ↑ browse · / cmd · ^C quit                    "
