---
source: src/tui/render.rs
assertion_line: 494
expression: snap
---
"                                                                                "
"                                                                                "
"                                                                                "
"                                                                                "
"                                                                                "
"                                                                                "
"                                                                                "
"                                                                                "
"                                                                                "
"                                                                                "
"                                                                                "
"                                                                                "
"                                                                                "
"                                                                                "
"                                                                                "
"                                                                                "
"                                                                                "
"                                                                                "
"                                                                                "
"                                                                                "
"                                                                                "
"                                                                                "
"› hello world                                                                   "
" INSERT  m  ctx 0%  · ^J newline · ↑ browse · / cmd · ^C quit                   "
